{
  "version": "1.5.0",
  "plugins_used": [
    {
      "name": "ArtifactoryDetector"
    },
    {
      "name": "AWSKeyDetector"
    },
    {
      "name": "AzureStorageKeyDetector"
    },
    {
      "name": "Base64HighEntropyString",
      "limit": 4.5
    },
    {
      "name": "BasicAuthDetector"
    },
    {
      "name": "CloudantDetector"
    },
    {
      "name": "DiscordBotTokenDetector"
    },
    {
      "name": "GitHubTokenDetector"
    },
    {
      "name": "GitLabTokenDetector"
    },
    {
      "name": "HexHighEntropyString",
      "limit": 3.0
    },
    {
      "name": "IbmCloudIamDetector"
    },
    {
      "name": "IbmCosHmacDetector"
    },
    {
      "name": "IPPublicDetector"
    },
    {
      "name": "JwtTokenDetector"
    },
    {
      "name": "KeywordDetector",
      "keyword_exclude": ""
    },
    {
      "name": "MailchimpDetector"
    },
    {
      "name": "NpmDetector"
    },
    {
      "name": "OpenAIDetector"
    },
    {
      "name": "PrivateKeyDetector"
    },
    {
      "name": "PypiTokenDetector"
    },
    {
      "name": "SendGridDetector"
    },
    {
      "name": "SlackDetector"
    },
    {
      "name": "SoftlayerDetector"
    },
    {
      "name": "SquareOAuthDetector"
    },
    {
      "name": "StripeDetector"
    },
    {
      "name": "TelegramBotTokenDetector"
    },
    {
      "name": "TwilioKeyDetector"
    }
  ],
  "filters_used": [
    {
      "path": "detect_secrets.filters.allowlist.is_line_allowlisted"
    },
    {
      "path": "detect_secrets.filters.common.is_ignored_due_to_verification_policies",
      "min_level": 2
    },
    {
      "path": "detect_secrets.filters.heuristic.is_indirect_reference"
    },
    {
      "path": "detect_secrets.filters.heuristic.is_likely_id_string"
    },
    {
      "path": "detect_secrets.filters.heuristic.is_lock_file"
    },
    {
      "path": "detect_secrets.filters.heuristic.is_not_alphanumeric_string"
    },
    {
      "path": "detect_secrets.filters.heuristic.is_potential_uuid"
    },
    {
      "path": "detect_secrets.filters.heuristic.is_prefixed_with_dollar_sign"
    },
    {
      "path": "detect_secrets.filters.heuristic.is_sequential_string"
    },
    {
      "path": "detect_secrets.filters.heuristic.is_swagger_file"
    },
    {
      "path": "detect_secrets.filters.heuristic.is_templated_secret"
    }
  ],
  "results": {
    ".github/workflows/cd.yml": [
      {
        "type": "Base64 High Entropy String",
        "filename": ".github/workflows/cd.yml",
        "hashed_secret": "f5649e2ff1b43bc69ca6aacabf90e7e4308498d3",
        "is_verified": false,
        "line_number": 96
      }
    ],
    ".secrets.baseline": [
      {
        "type": "Hex High Entropy String",
        "filename": ".secrets.baseline",
        "hashed_secret": "06022c5664d33a37f8c16fb4ca797cffbf2cda91",
        "is_verified": false,
        "line_number": 130
      },
      {
        "type": "Secret Keyword",
        "filename": ".secrets.baseline",
        "hashed_secret": "06022c5664d33a37f8c16fb4ca797cffbf2cda91",
        "is_verified": false,
        "line_number": 130
      },
      {
        "type": "Hex High Entropy String",
        "filename": ".secrets.baseline",
        "hashed_secret": "08af54f27228ae1da50d7b176197f3ec05ac34c3",
        "is_verified": false,
        "line_number": 139
      },
      {
        "type": "Secret Keyword",
        "filename": ".secrets.baseline",
        "hashed_secret": "08af54f27228ae1da50d7b176197f3ec05ac34c3",
        "is_verified": false,
        "line_number": 139
      },
      {
        "type": "Hex High Entropy String",
        "filename": ".secrets.baseline",
        "hashed_secret": "75a483ab203709d0c2bd8b86da98e1ce59be70bb",
        "is_verified": false,
        "line_number": 153
      },
      {
        "type": "Secret Keyword",
        "filename": ".secrets.baseline",
        "hashed_secret": "75a483ab203709d0c2bd8b86da98e1ce59be70bb",
        "is_verified": false,
        "line_number": 153
      },
      {
        "type": "Hex High Entropy String",
        "filename": ".secrets.baseline",
        "hashed_secret": "be33174a701768adbf21c0337acb9b1d856e6b04",
        "is_verified": false,
        "line_number": 167
      },
      {
        "type": "Secret Keyword",
        "filename": ".secrets.baseline",
        "hashed_secret": "be33174a701768adbf21c0337acb9b1d856e6b04",
        "is_verified": false,
        "line_number": 167
      },
      {
        "type": "Hex High Entropy String",
        "filename": ".secrets.baseline",
        "hashed_secret": "94d95ac4b15b3f446726d99290614fb3bb7e0109",
        "is_verified": false,
        "line_number": 181
      },
      {
        "type": "Secret Keyword",
        "filename": ".secrets.baseline",
        "hashed_secret": "94d95ac4b15b3f446726d99290614fb3bb7e0109",
        "is_verified": false,
        "line_number": 181
      },
      {
        "type": "Hex High Entropy String",
        "filename": ".secrets.baseline",
        "hashed_secret": "2ee5ebff993d4fa40609e9a3bcd52c26545ea9cc",
        "is_verified": false,
        "line_number": 195
      },
      {
        "type": "Secret Keyword",
        "filename": ".secrets.baseline",
        "hashed_secret": "2ee5ebff993d4fa40609e9a3bcd52c26545ea9cc",
        "is_verified": false,
        "line_number": 195
      },
      {
        "type": "Hex High Entropy String",
        "filename": ".secrets.baseline",
        "hashed_secret": "13d9a1137c5f2f08e61d8f7c30c47512281fe5ed",
        "is_verified": false,
        "line_number": 209
      },
      {
        "type": "Secret Keyword",
        "filename": ".secrets.baseline",
        "hashed_secret": "13d9a1137c5f2f08e61d8f7c30c47512281fe5ed",
        "is_verified": false,
        "line_number": 209
      },
      {
        "type": "Hex High Entropy String",
        "filename": ".secrets.baseline",
        "hashed_secret": "219037a12439d30aedb8d55b6629acfe93f46d16",
        "is_verified": false,
        "line_number": 223
      },
      {
        "type": "Secret Keyword",
        "filename": ".secrets.baseline",
        "hashed_secret": "219037a12439d30aedb8d55b6629acfe93f46d16",
        "is_verified": false,
        "line_number": 223
      },
      {
        "type": "Hex High Entropy String",
        "filename": ".secrets.baseline",
        "hashed_secret": "eb5ff710f4a10e1ff1e42764afc5e3e42799f167",
        "is_verified": false,
        "line_number": 237
      },
      {
        "type": "Secret Keyword",
        "filename": ".secrets.baseline",
        "hashed_secret": "eb5ff710f4a10e1ff1e42764afc5e3e42799f167",
        "is_verified": false,
        "line_number": 237
      },
      {
        "type": "Hex High Entropy String",
        "filename": ".secrets.baseline",
        "hashed_secret": "3ae4c0fa57d09c41d31b886c0432296019f334fa",
        "is_verified": false,
        "line_number": 251
      },
      {
        "type": "Secret Keyword",
        "filename": ".secrets.baseline",
        "hashed_secret": "3ae4c0fa57d09c41d31b886c0432296019f334fa",
        "is_verified": false,
        "line_number": 251
      },
      {
        "type": "Hex High Entropy String",
        "filename": ".secrets.baseline",
        "hashed_secret": "6a1f608fa9d74f943af26ca39bc1fcd599bdeac3",
        "is_verified": false,
        "line_number": 265
      },
      {
        "type": "Secret Keyword",
        "filename": ".secrets.baseline",
        "hashed_secret": "6a1f608fa9d74f943af26ca39bc1fcd599bdeac3",
        "is_verified": false,
        "line_number": 265
      },
      {
        "type": "Hex High Entropy String",
        "filename": ".secrets.baseline",
        "hashed_secret": "e43fac19dccf22a19e1b6c2fc6ea1f0b1b45c567",
        "is_verified": false,
        "line_number": 279
      },
      {
        "type": "Secret Keyword",
        "filename": ".secrets.baseline",
        "hashed_secret": "e43fac19dccf22a19e1b6c2fc6ea1f0b1b45c567",
        "is_verified": false,
        "line_number": 279
      },
      {
        "type": "Hex High Entropy String",
        "filename": ".secrets.baseline",
        "hashed_secret": "69b684fd1f6ca9c69ba2a31d1523f4877351bb39",
        "is_verified": false,
        "line_number": 293
      },
      {
        "type": "Secret Keyword",
        "filename": ".secrets.baseline",
        "hashed_secret": "69b684fd1f6ca9c69ba2a31d1523f4877351bb39",
        "is_verified": false,
        "line_number": 293
      },
      {
        "type": "Hex High Entropy String",
        "filename": ".secrets.baseline",
        "hashed_secret": "320ed3d2ece81ac2bd39e004b18a852c634ebcc0",
        "is_verified": false,
        "line_number": 307
      },
      {
        "type": "Secret Keyword",
        "filename": ".secrets.baseline",
        "hashed_secret": "320ed3d2ece81ac2bd39e004b18a852c634ebcc0",
        "is_verified": false,
        "line_number": 307
      },
      {
        "type": "Hex High Entropy String",
        "filename": ".secrets.baseline",
        "hashed_secret": "18ff71e09d404e3ff5ee26571e821a75c24c3750",
        "is_verified": false,
        "line_number": 321
      },
      {
        "type": "Secret Keyword",
        "filename": ".secrets.baseline",
        "hashed_secret": "18ff71e09d404e3ff5ee26571e821a75c24c3750",
        "is_verified": false,
        "line_number": 321
      },
      {
        "type": "Hex High Entropy String",
        "filename": ".secrets.baseline",
        "hashed_secret": "41150844f292594778dbcd348b20390fb4bae15c",
        "is_verified": false,
        "line_number": 335
      },
      {
        "type": "Secret Keyword",
        "filename": ".secrets.baseline",
        "hashed_secret": "41150844f292594778dbcd348b20390fb4bae15c",
        "is_verified": false,
        "line_number": 335
      },
      {
        "type": "Hex High Entropy String",
        "filename": ".secrets.baseline",
        "hashed_secret": "0ca77a9325648e129751ac8c6da6aa511527f875",
        "is_verified": false,
        "line_number": 349
      },
      {
        "type": "Secret Keyword",
        "filename": ".secrets.baseline",
        "hashed_secret": "0ca77a9325648e129751ac8c6da6aa511527f875",
        "is_verified": false,
        "line_number": 349
      },
      {
        "type": "Hex High Entropy String",
        "filename": ".secrets.baseline",
        "hashed_secret": "2202cc26675f836b6fe63d5e943994376b1c7539",
        "is_verified": false,
        "line_number": 363
      },
      {
        "type": "Secret Keyword",
        "filename": ".secrets.baseline",
        "hashed_secret": "2202cc26675f836b6fe63d5e943994376b1c7539",
        "is_verified": false,
        "line_number": 363
      },
      {
        "type": "Hex High Entropy String",
        "filename": ".secrets.baseline",
        "hashed_secret": "887d9236c9a915decbdeac6f0487e31adf7fb248",
        "is_verified": false,
        "line_number": 377
      },
      {
        "type": "Secret Keyword",
        "filename": ".secrets.baseline",
        "hashed_secret": "887d9236c9a915decbdeac6f0487e31adf7fb248",
        "is_verified": false,
        "line_number": 377
      },
      {
        "type": "Hex High Entropy String",
        "filename": ".secrets.baseline",
        "hashed_secret": "e8c0d127e0670f5660aa99be5e4cefc809ebf787",
        "is_verified": false,
        "line_number": 391
      },
      {
        "type": "Secret Keyword",
        "filename": ".secrets.baseline",
        "hashed_secret": "e8c0d127e0670f5660aa99be5e4cefc809ebf787",
        "is_verified": false,
        "line_number": 391
      },
      {
        "type": "Hex High Entropy String",
        "filename": ".secrets.baseline",
        "hashed_secret": "9b92487084ec94fe8d8668f8e24dd4c6ad183ee7",
        "is_verified": false,
        "line_number": 405
      },
      {
        "type": "Secret Keyword",
        "filename": ".secrets.baseline",
        "hashed_secret": "9b92487084ec94fe8d8668f8e24dd4c6ad183ee7",
        "is_verified": false,
        "line_number": 405
      },
      {
        "type": "Hex High Entropy String",
        "filename": ".secrets.baseline",
        "hashed_secret": "0710c4a6bfbed4f9e4be780ee431e0ddf7617169",
        "is_verified": false,
        "line_number": 419
      },
      {
        "type": "Secret Keyword",
        "filename": ".secrets.baseline",
        "hashed_secret": "0710c4a6bfbed4f9e4be780ee431e0ddf7617169",
        "is_verified": false,
        "line_number": 419
      },
      {
        "type": "Hex High Entropy String",
        "filename": ".secrets.baseline",
        "hashed_secret": "21d13e4f79f92badbd9500f6125a3e30c4ca6f11",
        "is_verified": false,
        "line_number": 433
      },
      {
        "type": "Secret Keyword",
        "filename": ".secrets.baseline",
        "hashed_secret": "21d13e4f79f92badbd9500f6125a3e30c4ca6f11",
        "is_verified": false,
        "line_number": 433
      },
      {
        "type": "Hex High Entropy String",
        "filename": ".secrets.baseline",
        "hashed_secret": "d3ae09f96459b14b974e4617db244e7eaeedb2f9",
        "is_verified": false,
        "line_number": 447
      },
      {
        "type": "Secret Keyword",
        "filename": ".secrets.baseline",
        "hashed_secret": "d3ae09f96459b14b974e4617db244e7eaeedb2f9",
        "is_verified": false,
        "line_number": 447
      },
      {
        "type": "Hex High Entropy String",
        "filename": ".secrets.baseline",
        "hashed_secret": "fce62b75e0ffc471e7ca6e9d7fac27b64cada46c",
        "is_verified": false,
        "line_number": 461
      },
      {
        "type": "Secret Keyword",
        "filename": ".secrets.baseline",
        "hashed_secret": "fce62b75e0ffc471e7ca6e9d7fac27b64cada46c",
        "is_verified": false,
        "line_number": 461
      },
      {
        "type": "Hex High Entropy String",
        "filename": ".secrets.baseline",
        "hashed_secret": "40607e759c0355a3fc66b9f622e75636f47d85d0",
        "is_verified": false,
        "line_number": 475
      },
      {
        "type": "Secret Keyword",
        "filename": ".secrets.baseline",
        "hashed_secret": "40607e759c0355a3fc66b9f622e75636f47d85d0",
        "is_verified": false,
        "line_number": 475
      },
      {
        "type": "Hex High Entropy String",
        "filename": ".secrets.baseline",
        "hashed_secret": "bb8b3e0a4c36854e1b3971a44ecaad6eb2e92aed",
        "is_verified": false,
        "line_number": 489
      },
      {
        "type": "Secret Keyword",
        "filename": ".secrets.baseline",
        "hashed_secret": "bb8b3e0a4c36854e1b3971a44ecaad6eb2e92aed",
        "is_verified": false,
        "line_number": 489
      },
      {
        "type": "Hex High Entropy String",
        "filename": ".secrets.baseline",
        "hashed_secret": "9427f99e4b2c3b704245caef50d11f900fe4185f",
        "is_verified": false,
        "line_number": 503
      },
      {
        "type": "Secret Keyword",
        "filename": ".secrets.baseline",
        "hashed_secret": "9427f99e4b2c3b704245caef50d11f900fe4185f",
        "is_verified": false,
        "line_number": 503
      },
      {
        "type": "Hex High Entropy String",
        "filename": ".secrets.baseline",
        "hashed_secret": "bfcbe43937d1c5e73c53e0b073af8236076e9d3b",
        "is_verified": false,
        "line_number": 517
      },
      {
        "type": "Secret Keyword",
        "filename": ".secrets.baseline",
        "hashed_secret": "bfcbe43937d1c5e73c53e0b073af8236076e9d3b",
        "is_verified": false,
        "line_number": 517
      },
      {
        "type": "Hex High Entropy String",
        "filename": ".secrets.baseline",
        "hashed_secret": "36e8e1f6daf4db9b77da0b02baef0581de844c19",
        "is_verified": false,
        "line_number": 531
      },
      {
        "type": "Secret Keyword",
        "filename": ".secrets.baseline",
        "hashed_secret": "36e8e1f6daf4db9b77da0b02baef0581de844c19",
        "is_verified": false,
        "line_number": 531
      },
      {
        "type": "Hex High Entropy String",
        "filename": ".secrets.baseline",
        "hashed_secret": "4d62437633a1771ddc012fb6d27dd0a370a9467e",
        "is_verified": false,
        "line_number": 545
      },
      {
        "type": "Secret Keyword",
        "filename": ".secrets.baseline",
        "hashed_secret": "4d62437633a1771ddc012fb6d27dd0a370a9467e",
        "is_verified": false,
        "line_number": 545
      },
      {
        "type": "Hex High Entropy String",
        "filename": ".secrets.baseline",
        "hashed_secret": "e8470f2a2f51c934cae359dd2966e1e204e6797f",
        "is_verified": false,
        "line_number": 559
      },
      {
        "type": "Secret Keyword",
        "filename": ".secrets.baseline",
        "hashed_secret": "e8470f2a2f51c934cae359dd2966e1e204e6797f",
        "is_verified": false,
        "line_number": 559
      },
      {
        "type": "Hex High Entropy String",
        "filename": ".secrets.baseline",
        "hashed_secret": "fd0c5bb0a7dc7be5c9f84baca228addab78b3e9b",
        "is_verified": false,
        "line_number": 573
      },
      {
        "type": "Secret Keyword",
        "filename": ".secrets.baseline",
        "hashed_secret": "fd0c5bb0a7dc7be5c9f84baca228addab78b3e9b",
        "is_verified": false,
        "line_number": 573
      },
      {
        "type": "Hex High Entropy String",
        "filename": ".secrets.baseline",
        "hashed_secret": "c9770ea93d63c00f4fba98fec57f161871bd08e4",
        "is_verified": false,
        "line_number": 589
      },
      {
        "type": "Secret Keyword",
        "filename": ".secrets.baseline",
        "hashed_secret": "c9770ea93d63c00f4fba98fec57f161871bd08e4",
        "is_verified": false,
        "line_number": 589
      },
      {
        "type": "Hex High Entropy String",
        "filename": ".secrets.baseline",
        "hashed_secret": "9b618a388bc136fc68aa54b299dc593b837c9add",
        "is_verified": false,
        "line_number": 605
      },
      {
        "type": "Secret Keyword",
        "filename": ".secrets.baseline",
        "hashed_secret": "9b618a388bc136fc68aa54b299dc593b837c9add",
        "is_verified": false,
        "line_number": 605
      },
      {
        "type": "Hex High Entropy String",
        "filename": ".secrets.baseline",
        "hashed_secret": "7b2e9f54cdff413fcde01f330af6896c3cd7e6cd",
        "is_verified": false,
        "line_number": 612
      },
      {
        "type": "Secret Keyword",
        "filename": ".secrets.baseline",
        "hashed_secret": "7b2e9f54cdff413fcde01f330af6896c3cd7e6cd",
        "is_verified": false,
        "line_number": 612
      },
      {
        "type": "Hex High Entropy String",
        "filename": ".secrets.baseline",
        "hashed_secret": "49629800749e9e987eede389803e115c133e0f27",
        "is_verified": false,
        "line_number": 621
      },
      {
        "type": "Secret Keyword",
        "filename": ".secrets.baseline",
        "hashed_secret": "49629800749e9e987eede389803e115c133e0f27",
        "is_verified": false,
        "line_number": 621
      },
      {
        "type": "Hex High Entropy String",
        "filename": ".secrets.baseline",
        "hashed_secret": "f7190db7be55c8ef024e767e972708310d631266",
        "is_verified": false,
        "line_number": 630
      },
      {
        "type": "Secret Keyword",
        "filename": ".secrets.baseline",
        "hashed_secret": "f7190db7be55c8ef024e767e972708310d631266",
        "is_verified": false,
        "line_number": 630
      },
      {
        "type": "Hex High Entropy String",
        "filename": ".secrets.baseline",
        "hashed_secret": "44afadacdb4d2c60c9de24e6bcabc8c4fdb34a6f",
        "is_verified": false,
        "line_number": 637
      },
      {
        "type": "Secret Keyword",
        "filename": ".secrets.baseline",
        "hashed_secret": "44afadacdb4d2c60c9de24e6bcabc8c4fdb34a6f",
        "is_verified": false,
        "line_number": 637
      },
      {
        "type": "Hex High Entropy String",
        "filename": ".secrets.baseline",
        "hashed_secret": "b9973df522b9149992cc3f5871f6353fe8d628a0",
        "is_verified": false,
        "line_number": 644
      },
      {
        "type": "Secret Keyword",
        "filename": ".secrets.baseline",
        "hashed_secret": "b9973df522b9149992cc3f5871f6353fe8d628a0",
        "is_verified": false,
        "line_number": 644
      },
      {
        "type": "Hex High Entropy String",
        "filename": ".secrets.baseline",
        "hashed_secret": "243849e4ca284392c660b56ea4d9c51329a6c6bf",
        "is_verified": false,
        "line_number": 653
      },
      {
        "type": "Secret Keyword",
        "filename": ".secrets.baseline",
        "hashed_secret": "243849e4ca284392c660b56ea4d9c51329a6c6bf",
        "is_verified": false,
        "line_number": 653
      },
      {
        "type": "Hex High Entropy String",
        "filename": ".secrets.baseline",
        "hashed_secret": "4967dc6e16c33cefa0e1435e5ae32c476a8852f7",
        "is_verified": false,
        "line_number": 660
      },
      {
        "type": "Secret Keyword",
        "filename": ".secrets.baseline",
        "hashed_secret": "4967dc6e16c33cefa0e1435e5ae32c476a8852f7",
        "is_verified": false,
        "line_number": 660
      },
      {
        "type": "Hex High Entropy String",
        "filename": ".secrets.baseline",
        "hashed_secret": "5f7b664fab8026e00a2b6b49f90c434cf2cadccf",
        "is_verified": false,
        "line_number": 667
      },
      {
        "type": "Secret Keyword",
        "filename": ".secrets.baseline",
        "hashed_secret": "5f7b664fab8026e00a2b6b49f90c434cf2cadccf",
        "is_verified": false,
        "line_number": 667
      },
      {
        "type": "Hex High Entropy String",
        "filename": ".secrets.baseline",
        "hashed_secret": "32ce1d0963408648c28687f815f087afd718a234",
        "is_verified": false,
        "line_number": 674
      },
      {
        "type": "Secret Keyword",
        "filename": ".secrets.baseline",
        "hashed_secret": "32ce1d0963408648c28687f815f087afd718a234",
        "is_verified": false,
        "line_number": 674
      },
      {
        "type": "Hex High Entropy String",
        "filename": ".secrets.baseline",
        "hashed_secret": "13f38a243f21e176a8d0e7e8ff6f23c606703547",
        "is_verified": false,
        "line_number": 681
      },
      {
        "type": "Secret Keyword",
        "filename": ".secrets.baseline",
        "hashed_secret": "13f38a243f21e176a8d0e7e8ff6f23c606703547",
        "is_verified": false,
        "line_number": 681
      },
      {
        "type": "Hex High Entropy String",
        "filename": ".secrets.baseline",
        "hashed_secret": "745ef2a72dcd6b55a814120022537e6629b5c8a1",
        "is_verified": false,
        "line_number": 688
      },
      {
        "type": "Secret Keyword",
        "filename": ".secrets.baseline",
        "hashed_secret": "745ef2a72dcd6b55a814120022537e6629b5c8a1",
        "is_verified": false,
        "line_number": 688
      },
      {
        "type": "Hex High Entropy String",
        "filename": ".secrets.baseline",
        "hashed_secret": "1dafa3e5641dfe3a8f38b79abf4bda1dd2d5ba6d",
        "is_verified": false,
        "line_number": 695
      },
      {
        "type": "Secret Keyword",
        "filename": ".secrets.baseline",
        "hashed_secret": "1dafa3e5641dfe3a8f38b79abf4bda1dd2d5ba6d",
        "is_verified": false,
        "line_number": 695
      },
      {
        "type": "Hex High Entropy String",
        "filename": ".secrets.baseline",
        "hashed_secret": "f60689520119039ba6b1776bc9890adc7f666835",
        "is_verified": false,
        "line_number": 702
      },
      {
        "type": "Secret Keyword",
        "filename": ".secrets.baseline",
        "hashed_secret": "f60689520119039ba6b1776bc9890adc7f666835",
        "is_verified": false,
        "line_number": 702
      },
      {
        "type": "Hex High Entropy String",
        "filename": ".secrets.baseline",
        "hashed_secret": "7ae580ab2067b38f043887df3e51de8c73cf917d",
        "is_verified": false,
        "line_number": 709
      },
      {
        "type": "Secret Keyword",
        "filename": ".secrets.baseline",
        "hashed_secret": "7ae580ab2067b38f043887df3e51de8c73cf917d",
        "is_verified": false,
        "line_number": 709
      },
      {
        "type": "Hex High Entropy String",
        "filename": ".secrets.baseline",
        "hashed_secret": "d9ef78e81c2b83f3277c19553d36f10a90120739",
        "is_verified": false,
        "line_number": 716
      },
      {
        "type": "Secret Keyword",
        "filename": ".secrets.baseline",
        "hashed_secret": "d9ef78e81c2b83f3277c19553d36f10a90120739",
        "is_verified": false,
        "line_number": 716
      },
      {
        "type": "Hex High Entropy String",
        "filename": ".secrets.baseline",
        "hashed_secret": "9cb6243352152c201a1c9486ee3f855dbba9b72c",
        "is_verified": false,
        "line_number": 723
      },
      {
        "type": "Secret Keyword",
        "filename": ".secrets.baseline",
        "hashed_secret": "9cb6243352152c201a1c9486ee3f855dbba9b72c",
        "is_verified": false,
        "line_number": 723
      },
      {
        "type": "Hex High Entropy String",
        "filename": ".secrets.baseline",
        "hashed_secret": "35d085f59dc8732213a141b50903053708682e49",
        "is_verified": false,
        "line_number": 730
      },
      {
        "type": "Secret Keyword",
        "filename": ".secrets.baseline",
        "hashed_secret": "35d085f59dc8732213a141b50903053708682e49",
        "is_verified": false,
        "line_number": 730
      },
      {
        "type": "Hex High Entropy String",
        "filename": ".secrets.baseline",
        "hashed_secret": "55042b459aea296ddd2d2ee0a84ad7fa90e83e19",
        "is_verified": false,
        "line_number": 737
      },
      {
        "type": "Secret Keyword",
        "filename": ".secrets.baseline",
        "hashed_secret": "55042b459aea296ddd2d2ee0a84ad7fa90e83e19",
        "is_verified": false,
        "line_number": 737
      },
      {
        "type": "Hex High Entropy String",
        "filename": ".secrets.baseline",
        "hashed_secret": "8b8d885e3e15ca7aabaaf17d3aabacdd1b83e59f",
        "is_verified": false,
        "line_number": 744
      },
      {
        "type": "Secret Keyword",
        "filename": ".secrets.baseline",
        "hashed_secret": "8b8d885e3e15ca7aabaaf17d3aabacdd1b83e59f",
        "is_verified": false,
        "line_number": 744
      },
      {
        "type": "Hex High Entropy String",
        "filename": ".secrets.baseline",
        "hashed_secret": "0b81814f54477427b76556b0e2cdf4f4b096adab",
        "is_verified": false,
        "line_number": 751
      },
      {
        "type": "Secret Keyword",
        "filename": ".secrets.baseline",
        "hashed_secret": "0b81814f54477427b76556b0e2cdf4f4b096adab",
        "is_verified": false,
        "line_number": 751
      },
      {
        "type": "Hex High Entropy String",
        "filename": ".secrets.baseline",
        "hashed_secret": "b2d41e423cd8a80cf94560645af456b3d8f45ad6",
        "is_verified": false,
        "line_number": 758
      },
      {
        "type": "Secret Keyword",
        "filename": ".secrets.baseline",
        "hashed_secret": "b2d41e423cd8a80cf94560645af456b3d8f45ad6",
        "is_verified": false,
        "line_number": 758
      },
      {
        "type": "Hex High Entropy String",
        "filename": ".secrets.baseline",
        "hashed_secret": "778b522815ec7b16cdc38fe777144dadd9dae313",
        "is_verified": false,
        "line_number": 765
      },
      {
        "type": "Secret Keyword",
        "filename": ".secrets.baseline",
        "hashed_secret": "778b522815ec7b16cdc38fe777144dadd9dae313",
        "is_verified": false,
        "line_number": 765
      },
      {
        "type": "Hex High Entropy String",
        "filename": ".secrets.baseline",
        "hashed_secret": "a6acea8d92cdcbab9d5e3b36370465a60fcd9407",
        "is_verified": false,
        "line_number": 772
      },
      {
        "type": "Secret Keyword",
        "filename": ".secrets.baseline",
        "hashed_secret": "a6acea8d92cdcbab9d5e3b36370465a60fcd9407",
        "is_verified": false,
        "line_number": 772
      },
      {
        "type": "Hex High Entropy String",
        "filename": ".secrets.baseline",
        "hashed_secret": "c0303fecec166e2b25d888c02b362eab54ab7218",
        "is_verified": false,
        "line_number": 779
      },
      {
        "type": "Secret Keyword",
        "filename": ".secrets.baseline",
        "hashed_secret": "c0303fecec166e2b25d888c02b362eab54ab7218",
        "is_verified": false,
        "line_number": 779
      },
      {
        "type": "Hex High Entropy String",
        "filename": ".secrets.baseline",
        "hashed_secret": "17c9158632ccca0fb458314e71716dfad5117991",
        "is_verified": false,
        "line_number": 786
      },
      {
        "type": "Secret Keyword",
        "filename": ".secrets.baseline",
        "hashed_secret": "17c9158632ccca0fb458314e71716dfad5117991",
        "is_verified": false,
        "line_number": 786
      },
      {
        "type": "Hex High Entropy String",
        "filename": ".secrets.baseline",
        "hashed_secret": "58ab50cf7142d8603d61a9093754e3a8345944a7",
        "is_verified": false,
        "line_number": 793
      },
      {
        "type": "Secret Keyword",
        "filename": ".secrets.baseline",
        "hashed_secret": "58ab50cf7142d8603d61a9093754e3a8345944a7",
        "is_verified": false,
        "line_number": 793
      },
      {
        "type": "Hex High Entropy String",
        "filename": ".secrets.baseline",
        "hashed_secret": "9e32e6198344e604d77b6c40ac113560d8fb26f7",
        "is_verified": false,
        "line_number": 800
      },
      {
        "type": "Secret Keyword",
        "filename": ".secrets.baseline",
        "hashed_secret": "9e32e6198344e604d77b6c40ac113560d8fb26f7",
        "is_verified": false,
        "line_number": 800
      },
      {
        "type": "Hex High Entropy String",
        "filename": ".secrets.baseline",
        "hashed_secret": "1dce37b5d94c476176b19fa465c0a2025434df30",
        "is_verified": false,
        "line_number": 807
      },
      {
        "type": "Secret Keyword",
        "filename": ".secrets.baseline",
        "hashed_secret": "1dce37b5d94c476176b19fa465c0a2025434df30",
        "is_verified": false,
        "line_number": 807
      },
      {
        "type": "Hex High Entropy String",
        "filename": ".secrets.baseline",
        "hashed_secret": "91e3695c3ed39fa87004acd67611cb4f2384ea7e",
        "is_verified": false,
        "line_number": 816
      },
      {
        "type": "Secret Keyword",
        "filename": ".secrets.baseline",
        "hashed_secret": "91e3695c3ed39fa87004acd67611cb4f2384ea7e",
        "is_verified": false,
        "line_number": 816
      }
    ],
    "README.md": [
      {
        "type": "Secret Keyword",
        "filename": "README.md",
        "hashed_secret": "a9f968c47e80fbfb6d201b6ee21eeb4541553dfc",
        "is_verified": false,
        "line_number": 102
      }
    ],
    "docker-compose.yml": [
      {
        "type": "Secret Keyword",
        "filename": "docker-compose.yml",
        "hashed_secret": "a9f968c47e80fbfb6d201b6ee21eeb4541553dfc",
        "is_verified": false,
        "line_number": 12
      },
      {
        "type": "Secret Keyword",
        "filename": "docker-compose.yml",
        "hashed_secret": "925458745f034f8352aeadcc2408bf4fad45eff7",
        "is_verified": false,
        "line_number": 57
      },
      {
        "type": "Secret Keyword",
        "filename": "docker-compose.yml",
        "hashed_secret": "d033e22ae348aeb5660fc2140aec35850c4da997",
        "is_verified": false,
        "line_number": 60
      }
    ],
    "feature_repo/feature_store.yaml": [
      {
        "type": "Secret Keyword",
        "filename": "feature_repo/feature_store.yaml",
        "hashed_secret": "f4a957e724b6e27671d926051839aeb06abfda0b",
        "is_verified": false,
        "line_number": 15
      }
    ],
    "infra/modules/container_apps/main.tf": [
      {
        "type": "Secret Keyword",
        "filename": "infra/modules/container_apps/main.tf",
        "hashed_secret": "86e6d3def42c648020ccea87c3d3d1975cc129eb",
        "is_verified": false,
        "line_number": 53
      },
      {
        "type": "Secret Keyword",
        "filename": "infra/modules/container_apps/main.tf",
        "hashed_secret": "76e307e7c4970dd14d922967ecd6dfd6a9257856",
        "is_verified": false,
        "line_number": 93
      },
      {
        "type": "Secret Keyword",
        "filename": "infra/modules/container_apps/main.tf",
        "hashed_secret": "2c5d1f0d2abbe1fc0f287934ceb09fddbf0214f5",
        "is_verified": false,
        "line_number": 94
      }
    ],
    "notebooks/01_eda.ipynb": [
      {
        "type": "Hex High Entropy String",
        "filename": "notebooks/01_eda.ipynb",
        "hashed_secret": "710c91edd7984b025f47830ec2ba0506894eed3f",
        "is_verified": false,
        "line_number": 5
      },
      {
        "type": "Hex High Entropy String",
        "filename": "notebooks/01_eda.ipynb",
        "hashed_secret": "e1f9a3f35c6bff77f847a39b4c4a5c9eb2892ecb",
        "is_verified": false,
        "line_number": 27
      },
      {
        "type": "Hex High Entropy String",
        "filename": "notebooks/01_eda.ipynb",
        "hashed_secret": "4f248bc40ab0f68e2dceb22e38c52828ee276179",
        "is_verified": false,
        "line_number": 53
      },
      {
        "type": "Hex High Entropy String",
        "filename": "notebooks/01_eda.ipynb",
        "hashed_secret": "d73541f2527eda15a3f3ab0018e4047afc81c7eb",
        "is_verified": false,
        "line_number": 62
      },
      {
        "type": "Hex High Entropy String",
        "filename": "notebooks/01_eda.ipynb",
        "hashed_secret": "336e39a34addaaa1dcefb999629f7106e531126e",
        "is_verified": false,
        "line_number": 81
      },
      {
        "type": "Hex High Entropy String",
        "filename": "notebooks/01_eda.ipynb",
        "hashed_secret": "b98ce2f8214f1c209f6371e4247784ef35088cfb",
        "is_verified": false,
        "line_number": 90
      },
      {
        "type": "Hex High Entropy String",
        "filename": "notebooks/01_eda.ipynb",
        "hashed_secret": "0b355e25f86a10feb31c1a21780f1fa47c220cb0",
        "is_verified": false,
        "line_number": 127
      },
      {
        "type": "Hex High Entropy String",
        "filename": "notebooks/01_eda.ipynb",
        "hashed_secret": "ed89e7dcaf1777f9efea0ab0797fbd10b2c7d226",
        "is_verified": false,
        "line_number": 155
      },
      {
        "type": "Hex High Entropy String",
        "filename": "notebooks/01_eda.ipynb",
        "hashed_secret": "3b098c08c5c3f9aade0f5d78d7a46ed9d6633396",
        "is_verified": false,
        "line_number": 164
      },
      {
        "type": "Hex High Entropy String",
        "filename": "notebooks/01_eda.ipynb",
        "hashed_secret": "64ce44107c9383081cb7af635c42e6c9f697924e",
        "is_verified": false,
        "line_number": 192
      },
      {
        "type": "Hex High Entropy String",
        "filename": "notebooks/01_eda.ipynb",
        "hashed_secret": "120af08b9008eb12935bb932b84007e204356c71",
        "is_verified": false,
        "line_number": 249
      },
      {
        "type": "Hex High Entropy String",
        "filename": "notebooks/01_eda.ipynb",
        "hashed_secret": "e9fea335d59dc693b3646559179efb4c2d5c4fbd",
        "is_verified": false,
        "line_number": 258
      },
      {
        "type": "Hex High Entropy String",
        "filename": "notebooks/01_eda.ipynb",
        "hashed_secret": "9e8151d8c3ceca78404381832ab1faa4f2e3f88b",
        "is_verified": false,
        "line_number": 303
      },
      {
        "type": "Hex High Entropy String",
        "filename": "notebooks/01_eda.ipynb",
        "hashed_secret": "e44c97e80dd328fe374feab439d6dc4cb0981741",
        "is_verified": false,
        "line_number": 325
      },
      {
        "type": "Hex High Entropy String",
        "filename": "notebooks/01_eda.ipynb",
        "hashed_secret": "1f7b9cb4284737fa39ddb6d8a588ac296463e295",
        "is_verified": false,
        "line_number": 334
      },
      {
        "type": "Hex High Entropy String",
        "filename": "notebooks/01_eda.ipynb",
        "hashed_secret": "7182ffb1e84fad2fa8b414e150a321a13725ba17",
        "is_verified": false,
        "line_number": 370
      },
      {
        "type": "Hex High Entropy String",
        "filename": "notebooks/01_eda.ipynb",
        "hashed_secret": "9a8d5c3a0933fffe7bc4ff3a42eec3f1f843b079",
        "is_verified": false,
        "line_number": 406
      },
      {
        "type": "Hex High Entropy String",
        "filename": "notebooks/01_eda.ipynb",
        "hashed_secret": "f16628cc52a06dc75b0c679685dd6a99dc47d7cf",
        "is_verified": false,
        "line_number": 434
      },
      {
        "type": "Hex High Entropy String",
        "filename": "notebooks/01_eda.ipynb",
        "hashed_secret": "d396af119e9ff66691facd666c66c62024fa6d08",
        "is_verified": false,
        "line_number": 448
      },
      {
        "type": "Hex High Entropy String",
        "filename": "notebooks/01_eda.ipynb",
        "hashed_secret": "68e29c72c0000dd55c862f3ae18c4ed35cfd8505",
        "is_verified": false,
        "line_number": 483
      },
      {
        "type": "Hex High Entropy String",
        "filename": "notebooks/01_eda.ipynb",
        "hashed_secret": "b6e7239ee8478ea3118c1a3c87f4491cb7d72b5d",
        "is_verified": false,
        "line_number": 515
      },
      {
        "type": "Hex High Entropy String",
        "filename": "notebooks/01_eda.ipynb",
        "hashed_secret": "40e05a308825a126b14b8c4e8f765afface705f5",
        "is_verified": false,
        "line_number": 545
      },
      {
        "type": "Hex High Entropy String",
        "filename": "notebooks/01_eda.ipynb",
        "hashed_secret": "d14d2e06963b81b01458027ca7fd2dd4b3ce0a90",
        "is_verified": false,
        "line_number": 556
      }
    ],
    "scripts/store_eventhub_secret.py": [
      {
        "type": "Secret Keyword",
        "filename": "scripts/store_eventhub_secret.py",
        "hashed_secret": "dae1620a5fa3408e913e2bfcb729b859d89f6a7e",
        "is_verified": false,
        "line_number": 29
      }
    ],
    "src/ingest/eventhub_producer.py": [
      {
        "type": "Secret Keyword",
        "filename": "src/ingest/eventhub_producer.py",
        "hashed_secret": "dae1620a5fa3408e913e2bfcb729b859d89f6a7e",
        "is_verified": false,
        "line_number": 48
      }
    ],
    "src/serve/main.py": [
      {
        "type": "Basic Auth Credentials",
        "filename": "src/serve/main.py",
        "hashed_secret": "a9f968c47e80fbfb6d201b6ee21eeb4541553dfc",
        "is_verified": false,
        "line_number": 51
      }
    ]
  },
  "generated_at": "2026-06-10T11:43:57Z"
}
